Building DAG of jobs...
Using shell: /bin/bash
Provided cores: 4
Rules claiming more threads will be scaled down.
Job stats:
job                count
---------------  -------
all                    1
chimerax_filter        6
make_defattr           6
total                 13

Select jobs to execute...

[Wed Jul 16 12:53:04 2025]
rule chimerax_filter:
    input: chimerax_pipeline.py, /fh/fast/bloom_j/computational_notebooks/sharari/2024/229E_spike_1984_DMS/results/receptor_affinity/averages/human_APN_binding_mut_effect.csv, /fh/fast/bloom_j/computational_notebooks/sharari/2024/229E_spike_1984_DMS/data/site_numbering_map.csv
    output: chimerax_files/binding_filtered_6U7H.csv, chimerax_files/binding_filtered_chimerax_6U7H.csv
    jobid: 10
    reason: Updated input files: /fh/fast/bloom_j/computational_notebooks/sharari/2024/229E_spike_1984_DMS/results/receptor_affinity/averages/human_APN_binding_mut_effect.csv
    wildcards: structure=6U7H, name=binding
    resources: tmpdir=/tmp


[Wed Jul 16 12:53:04 2025]
rule chimerax_filter:
    input: chimerax_pipeline.py, /fh/fast/bloom_j/computational_notebooks/sharari/2024/229E_spike_1984_DMS/results/receptor_affinity/averages/human_APN_binding_mut_effect.csv, /fh/fast/bloom_j/computational_notebooks/sharari/2024/229E_spike_1984_DMS/data/site_numbering_map.csv
    output: chimerax_files/binding_filtered_8WDE.csv, chimerax_files/binding_filtered_chimerax_8WDE.csv
    jobid: 16
    reason: Updated input files: /fh/fast/bloom_j/computational_notebooks/sharari/2024/229E_spike_1984_DMS/results/receptor_affinity/averages/human_APN_binding_mut_effect.csv
    wildcards: structure=8WDE, name=binding
    resources: tmpdir=/tmp


[Wed Jul 16 12:53:05 2025]
rule chimerax_filter:
    input: chimerax_pipeline.py, /fh/fast/bloom_j/computational_notebooks/sharari/2024/229E_spike_1984_DMS/results/antibody_escape/averages/85_3-sera_mut_effect.csv, /fh/fast/bloom_j/computational_notebooks/sharari/2024/229E_spike_1984_DMS/data/site_numbering_map.csv
    output: chimerax_files/escape_filtered_6U7E.csv, chimerax_files/escape_filtered_chimerax_6U7E.csv
    jobid: 6
    reason: Updated input files: /fh/fast/bloom_j/computational_notebooks/sharari/2024/229E_spike_1984_DMS/results/antibody_escape/averages/85_3-sera_mut_effect.csv
    wildcards: structure=6U7E, name=escape
    resources: tmpdir=/tmp


[Wed Jul 16 12:53:05 2025]
rule chimerax_filter:
    input: chimerax_pipeline.py, /fh/fast/bloom_j/computational_notebooks/sharari/2024/229E_spike_1984_DMS/results/receptor_affinity/averages/human_APN_binding_mut_effect.csv, /fh/fast/bloom_j/computational_notebooks/sharari/2024/229E_spike_1984_DMS/data/site_numbering_map.csv
    output: chimerax_files/binding_filtered_6U7E.csv, chimerax_files/binding_filtered_chimerax_6U7E.csv
    jobid: 4
    reason: Updated input files: /fh/fast/bloom_j/computational_notebooks/sharari/2024/229E_spike_1984_DMS/results/receptor_affinity/averages/human_APN_binding_mut_effect.csv
    wildcards: structure=6U7E, name=binding
    resources: tmpdir=/tmp

[Wed Jul 16 12:53:06 2025]
Finished job 10.
1 of 13 steps (8%) done
Select jobs to execute...

[Wed Jul 16 12:53:06 2025]
rule chimerax_filter:
    input: chimerax_pipeline.py, /fh/fast/bloom_j/computational_notebooks/sharari/2024/229E_spike_1984_DMS/results/antibody_escape/averages/85_3-sera_mut_effect.csv, /fh/fast/bloom_j/computational_notebooks/sharari/2024/229E_spike_1984_DMS/data/site_numbering_map.csv
    output: chimerax_files/escape_filtered_6U7H.csv, chimerax_files/escape_filtered_chimerax_6U7H.csv
    jobid: 12
    reason: Updated input files: /fh/fast/bloom_j/computational_notebooks/sharari/2024/229E_spike_1984_DMS/results/antibody_escape/averages/85_3-sera_mut_effect.csv
    wildcards: structure=6U7H, name=escape
    resources: tmpdir=/tmp

[Wed Jul 16 12:53:06 2025]
Finished job 16.
2 of 13 steps (15%) done
Select jobs to execute...

[Wed Jul 16 12:53:06 2025]
rule make_defattr:
    input: chimerax_files/binding_filtered_chimerax_8WDE.csv
    output: results/8WDE/binding_filtered_chimerax_8WDE.defattr
    jobid: 15
    reason: Input files updated by another job: chimerax_files/binding_filtered_chimerax_8WDE.csv
    wildcards: structure=8WDE, name=binding
    resources: tmpdir=/tmp

[Wed Jul 16 12:53:07 2025]
Finished job 6.
3 of 13 steps (23%) done
Select jobs to execute...

[Wed Jul 16 12:53:07 2025]
rule make_defattr:
    input: chimerax_files/escape_filtered_chimerax_6U7E.csv
    output: results/6U7E/escape_filtered_chimerax_6U7E.defattr
    jobid: 5
    reason: Input files updated by another job: chimerax_files/escape_filtered_chimerax_6U7E.csv
    wildcards: structure=6U7E, name=escape
    resources: tmpdir=/tmp

[Wed Jul 16 12:53:07 2025]
Finished job 4.
4 of 13 steps (31%) done
Select jobs to execute...

[Wed Jul 16 12:53:07 2025]
rule make_defattr:
    input: chimerax_files/binding_filtered_chimerax_6U7E.csv
    output: results/6U7E/binding_filtered_chimerax_6U7E.defattr
    jobid: 3
    reason: Input files updated by another job: chimerax_files/binding_filtered_chimerax_6U7E.csv
    wildcards: structure=6U7E, name=binding
    resources: tmpdir=/tmp

[Wed Jul 16 12:53:07 2025]
Finished job 12.
5 of 13 steps (38%) done
Select jobs to execute...

[Wed Jul 16 12:53:07 2025]
rule chimerax_filter:
    input: chimerax_pipeline.py, /fh/fast/bloom_j/computational_notebooks/sharari/2024/229E_spike_1984_DMS/results/antibody_escape/averages/85_3-sera_mut_effect.csv, /fh/fast/bloom_j/computational_notebooks/sharari/2024/229E_spike_1984_DMS/data/site_numbering_map.csv
    output: chimerax_files/escape_filtered_8WDE.csv, chimerax_files/escape_filtered_chimerax_8WDE.csv
    jobid: 18
    reason: Updated input files: /fh/fast/bloom_j/computational_notebooks/sharari/2024/229E_spike_1984_DMS/results/antibody_escape/averages/85_3-sera_mut_effect.csv
    wildcards: structure=8WDE, name=escape
    resources: tmpdir=/tmp

[Wed Jul 16 12:53:07 2025]
Finished job 15.
6 of 13 steps (46%) done
Select jobs to execute...

[Wed Jul 16 12:53:08 2025]
rule make_defattr:
    input: chimerax_files/binding_filtered_chimerax_6U7H.csv
    output: results/6U7H/binding_filtered_chimerax_6U7H.defattr
    jobid: 9
    reason: Input files updated by another job: chimerax_files/binding_filtered_chimerax_6U7H.csv
    wildcards: structure=6U7H, name=binding
    resources: tmpdir=/tmp

[Wed Jul 16 12:53:08 2025]
Finished job 5.
7 of 13 steps (54%) done
Select jobs to execute...

[Wed Jul 16 12:53:08 2025]
rule make_defattr:
    input: chimerax_files/escape_filtered_chimerax_6U7H.csv
    output: results/6U7H/escape_filtered_chimerax_6U7H.defattr
    jobid: 11
    reason: Input files updated by another job: chimerax_files/escape_filtered_chimerax_6U7H.csv
    wildcards: structure=6U7H, name=escape
    resources: tmpdir=/tmp

[Wed Jul 16 12:53:08 2025]
Finished job 3.
8 of 13 steps (62%) done
[Wed Jul 16 12:53:09 2025]
Finished job 18.
9 of 13 steps (69%) done
Select jobs to execute...

[Wed Jul 16 12:53:09 2025]
rule make_defattr:
    input: chimerax_files/escape_filtered_chimerax_8WDE.csv
    output: results/8WDE/escape_filtered_chimerax_8WDE.defattr
    jobid: 17
    reason: Input files updated by another job: chimerax_files/escape_filtered_chimerax_8WDE.csv
    wildcards: structure=8WDE, name=escape
    resources: tmpdir=/tmp

[Wed Jul 16 12:53:09 2025]
Finished job 9.
10 of 13 steps (77%) done
[Wed Jul 16 12:53:09 2025]
Finished job 11.
11 of 13 steps (85%) done
[Wed Jul 16 12:53:10 2025]
Finished job 17.
12 of 13 steps (92%) done
Select jobs to execute...

[Wed Jul 16 12:53:10 2025]
localrule all:
    input: results/6U7E/entry_filtered_chimerax_6U7E.defattr, results/6U7E/binding_filtered_chimerax_6U7E.defattr, results/6U7E/escape_filtered_chimerax_6U7E.defattr, results/6U7H/entry_filtered_chimerax_6U7H.defattr, results/6U7H/binding_filtered_chimerax_6U7H.defattr, results/6U7H/escape_filtered_chimerax_6U7H.defattr, results/8WDE/entry_filtered_chimerax_8WDE.defattr, results/8WDE/binding_filtered_chimerax_8WDE.defattr, results/8WDE/escape_filtered_chimerax_8WDE.defattr
    jobid: 0
    reason: Input files updated by another job: results/6U7H/escape_filtered_chimerax_6U7H.defattr, results/8WDE/binding_filtered_chimerax_8WDE.defattr, results/6U7E/binding_filtered_chimerax_6U7E.defattr, results/6U7E/escape_filtered_chimerax_6U7E.defattr, results/6U7H/binding_filtered_chimerax_6U7H.defattr, results/8WDE/escape_filtered_chimerax_8WDE.defattr
    resources: tmpdir=/tmp

[Wed Jul 16 12:53:10 2025]
Finished job 0.
13 of 13 steps (100%) done
Complete log: .snakemake/log/2025-07-16T125259.125896.snakemake.log
