Building DAG of jobs...
Using shell: /bin/bash
Provided cores: 4
Rules claiming more threads will be scaled down.
Job stats:
job             count
------------  -------
all                 1
make_defattr        3
total               4

Select jobs to execute...

[Thu Sep 18 13:52:05 2025]
rule make_defattr:
    input: chimerax_files/escape_86_11_filtered_chimerax_6U7E.csv
    output: results/6U7E/escape_86_11_filtered_chimerax_6U7E.defattr
    jobid: 5
    reason: Missing output files: results/6U7E/escape_86_11_filtered_chimerax_6U7E.defattr
    wildcards: structure=6U7E, name=escape_86_11
    resources: tmpdir=/tmp


[Thu Sep 18 13:52:05 2025]
rule make_defattr:
    input: chimerax_files/escape_86_11_filtered_chimerax_8WDE.csv
    output: results/8WDE/escape_86_11_filtered_chimerax_8WDE.defattr
    jobid: 17
    reason: Missing output files: results/8WDE/escape_86_11_filtered_chimerax_8WDE.defattr
    wildcards: structure=8WDE, name=escape_86_11
    resources: tmpdir=/tmp


[Thu Sep 18 13:52:05 2025]
rule make_defattr:
    input: chimerax_files/escape_86_11_filtered_chimerax_6U7H.csv
    output: results/6U7H/escape_86_11_filtered_chimerax_6U7H.defattr
    jobid: 11
    reason: Missing output files: results/6U7H/escape_86_11_filtered_chimerax_6U7H.defattr
    wildcards: structure=6U7H, name=escape_86_11
    resources: tmpdir=/tmp

[Thu Sep 18 13:52:05 2025]
Finished job 5.
1 of 4 steps (25%) done
[Thu Sep 18 13:52:06 2025]
Finished job 17.
2 of 4 steps (50%) done
[Thu Sep 18 13:52:06 2025]
Finished job 11.
3 of 4 steps (75%) done
Select jobs to execute...

[Thu Sep 18 13:52:06 2025]
localrule all:
    input: results/6U7E/entry_filtered_chimerax_6U7E.defattr, results/6U7E/binding_filtered_chimerax_6U7E.defattr, results/6U7E/escape_86_11_filtered_chimerax_6U7E.defattr, results/6U7H/entry_filtered_chimerax_6U7H.defattr, results/6U7H/binding_filtered_chimerax_6U7H.defattr, results/6U7H/escape_86_11_filtered_chimerax_6U7H.defattr, results/8WDE/entry_filtered_chimerax_8WDE.defattr, results/8WDE/binding_filtered_chimerax_8WDE.defattr, results/8WDE/escape_86_11_filtered_chimerax_8WDE.defattr
    jobid: 0
    reason: Input files updated by another job: results/8WDE/escape_86_11_filtered_chimerax_8WDE.defattr, results/6U7E/escape_86_11_filtered_chimerax_6U7E.defattr, results/6U7H/escape_86_11_filtered_chimerax_6U7H.defattr
    resources: tmpdir=/tmp

[Thu Sep 18 13:52:06 2025]
Finished job 0.
4 of 4 steps (100%) done
Complete log: .snakemake/log/2025-09-18T135202.980202.snakemake.log
