Building DAG of jobs...
Using shell: /bin/bash
Provided cores: 4
Rules claiming more threads will be scaled down.
Job stats:
job                count
---------------  -------
all                    1
chimerax_filter        9
make_defattr           9
total                 19

Select jobs to execute...

[Fri Jun 20 14:01:43 2025]
rule chimerax_filter:
    input: chimerax_pipeline.py, /fh/fast/bloom_j/computational_notebooks/sharari/2024/229E_spike_1984_DMS/results/antibody_escape/averages/85_3-sera_mut_effect.csv, /fh/fast/bloom_j/computational_notebooks/sharari/2024/229E_spike_1984_DMS/data/site_numbering_map.csv
    output: chimerax_files/escape_filtered_8WDE.csv, chimerax_files/escape_filtered_chimerax_8WDE.csv
    jobid: 18
    reason: Missing output files: chimerax_files/escape_filtered_chimerax_8WDE.csv
    wildcards: structure=8WDE, name=escape
    resources: tmpdir=/tmp


[Fri Jun 20 14:01:43 2025]
rule chimerax_filter:
    input: chimerax_pipeline.py, /fh/fast/bloom_j/computational_notebooks/sharari/2024/229E_spike_1984_DMS/results/receptor_affinity/averages/human_APN_binding_mut_effect.csv, /fh/fast/bloom_j/computational_notebooks/sharari/2024/229E_spike_1984_DMS/data/site_numbering_map.csv
    output: chimerax_files/binding_filtered_6U7H.csv, chimerax_files/binding_filtered_chimerax_6U7H.csv
    jobid: 10
    reason: Missing output files: chimerax_files/binding_filtered_chimerax_6U7H.csv
    wildcards: structure=6U7H, name=binding
    resources: tmpdir=/tmp


[Fri Jun 20 14:01:43 2025]
rule chimerax_filter:
    input: chimerax_pipeline.py, /fh/fast/bloom_j/computational_notebooks/sharari/2024/229E_spike_1984_DMS/results/antibody_escape/averages/85_3-sera_mut_effect.csv, /fh/fast/bloom_j/computational_notebooks/sharari/2024/229E_spike_1984_DMS/data/site_numbering_map.csv
    output: chimerax_files/escape_filtered_6U7H.csv, chimerax_files/escape_filtered_chimerax_6U7H.csv
    jobid: 12
    reason: Missing output files: chimerax_files/escape_filtered_chimerax_6U7H.csv
    wildcards: structure=6U7H, name=escape
    resources: tmpdir=/tmp


[Fri Jun 20 14:01:43 2025]
rule chimerax_filter:
    input: chimerax_pipeline.py, /fh/fast/bloom_j/computational_notebooks/sharari/2024/229E_spike_1984_DMS/results/func_effects/averages/cell_entry_func_effects.csv, /fh/fast/bloom_j/computational_notebooks/sharari/2024/229E_spike_1984_DMS/data/site_numbering_map.csv
    output: chimerax_files/entry_filtered_6U7E.csv, chimerax_files/entry_filtered_chimerax_6U7E.csv
    jobid: 2
    reason: Missing output files: chimerax_files/entry_filtered_chimerax_6U7E.csv
    wildcards: structure=6U7E, name=entry
    resources: tmpdir=/tmp

Waiting at most 5 seconds for missing files.
MissingOutputException in rule chimerax_filter in file /fh/fast/bloom_j/computational_notebooks/sharari/2024/229E_spike_1984_DMS/results/structure_analysis_plots/chimerax/Snakefile, line 20:
Job 2  completed successfully, but some output files are missing. Missing files after 5 seconds. This might be due to filesystem latency. If that is the case, consider to increase the wait time with --latency-wait:
chimerax_files/entry_filtered_6U7E.csv
chimerax_files/entry_filtered_chimerax_6U7E.csv
[Fri Jun 20 14:01:51 2025]
Finished job 18.
1 of 19 steps (5%) done
[Fri Jun 20 14:01:51 2025]
Finished job 12.
2 of 19 steps (11%) done
[Fri Jun 20 14:01:51 2025]
Finished job 10.
3 of 19 steps (16%) done
Shutting down, this might take some time.
Exiting because a job execution failed. Look above for error message
Complete log: .snakemake/log/2025-06-20T140140.868601.snakemake.log
