Building DAG of jobs...
Using shell: /bin/bash
Provided cores: 4
Rules claiming more threads will be scaled down.
Job stats:
job                count
---------------  -------
all                    1
chimerax_filter        6
make_defattr           9
total                 16

Select jobs to execute...

[Fri Jun 20 14:16:05 2025]
rule chimerax_filter:
    input: chimerax_pipeline.py, /fh/fast/bloom_j/computational_notebooks/sharari/2024/229E_spike_1984_DMS/results/receptor_affinity/averages/human_APN_binding_mut_effect.csv, /fh/fast/bloom_j/computational_notebooks/sharari/2024/229E_spike_1984_DMS/data/site_numbering_map.csv
    output: chimerax_files/binding_filtered_6U7E.csv, chimerax_files/binding_filtered_chimerax_6U7E.csv
    jobid: 4
    reason: Missing output files: chimerax_files/binding_filtered_chimerax_6U7E.csv
    wildcards: structure=6U7E, name=binding
    resources: tmpdir=/tmp


[Fri Jun 20 14:16:05 2025]
rule make_defattr:
    input: chimerax_files/escape_filtered_chimerax_8WDE.csv
    output: results/8WDE/escape_filtered_chimerax_8WDE.defattr
    jobid: 17
    reason: Missing output files: results/8WDE/escape_filtered_chimerax_8WDE.defattr
    wildcards: structure=8WDE, name=escape
    resources: tmpdir=/tmp


[Fri Jun 20 14:16:05 2025]
rule chimerax_filter:
    input: chimerax_pipeline.py, /fh/fast/bloom_j/computational_notebooks/sharari/2024/229E_spike_1984_DMS/results/func_effects/averages/cell_entry_func_effects.csv, /fh/fast/bloom_j/computational_notebooks/sharari/2024/229E_spike_1984_DMS/data/site_numbering_map.csv
    output: chimerax_files/entry_filtered_6U7E.csv, chimerax_files/entry_filtered_chimerax_6U7E.csv
    jobid: 2
    reason: Missing output files: chimerax_files/entry_filtered_chimerax_6U7E.csv
    wildcards: structure=6U7E, name=entry
    resources: tmpdir=/tmp


[Fri Jun 20 14:16:06 2025]
[Fri Jun 20 14:16:06 2025]
Error in rule make_defattr:
    jobid: 17
    input: chimerax_files/escape_filtered_chimerax_8WDE.csv
    output: results/8WDE/escape_filtered_chimerax_8WDE.defattr
    shell:
        
        python scripts/chimerax_pipeline.py             --aggregate             --infile chimerax_files/escape_filtered_chimerax_8WDE.csv             --name escape             --effect_col_agg escape_mean             --outdir results/8WDE
        
        (one of the commands exited with non-zero exit code; note that snakemake uses bash strict mode!)

rule make_defattr:
    input: chimerax_files/binding_filtered_chimerax_6U7H.csv
    output: results/6U7H/binding_filtered_chimerax_6U7H.defattr
    jobid: 9
    reason: Missing output files: results/6U7H/binding_filtered_chimerax_6U7H.defattr
    wildcards: structure=6U7H, name=binding
    resources: tmpdir=/tmp

[Fri Jun 20 14:16:06 2025]
Error in rule make_defattr:
    jobid: 9
    input: chimerax_files/binding_filtered_chimerax_6U7H.csv
    output: results/6U7H/binding_filtered_chimerax_6U7H.defattr
    shell:
        
        python scripts/chimerax_pipeline.py             --aggregate             --infile chimerax_files/binding_filtered_chimerax_6U7H.csv             --name binding             --effect_col_agg binding_mean             --outdir results/6U7H
        
        (one of the commands exited with non-zero exit code; note that snakemake uses bash strict mode!)

[Fri Jun 20 14:16:07 2025]
Error in rule chimerax_filter:
    jobid: 2
    input: chimerax_pipeline.py, /fh/fast/bloom_j/computational_notebooks/sharari/2024/229E_spike_1984_DMS/results/func_effects/averages/cell_entry_func_effects.csv, /fh/fast/bloom_j/computational_notebooks/sharari/2024/229E_spike_1984_DMS/data/site_numbering_map.csv
    output: chimerax_files/entry_filtered_6U7E.csv, chimerax_files/entry_filtered_chimerax_6U7E.csv
    shell:
        
        python chimerax_pipeline.py             --func_file /fh/fast/bloom_j/computational_notebooks/sharari/2024/229E_spike_1984_DMS/results/func_effects/averages/cell_entry_func_effects.csv             --site_map /fh/fast/bloom_j/computational_notebooks/sharari/2024/229E_spike_1984_DMS/data/site_numbering_map.csv             --structure 6U7E             --std_col effect_std             --effect_col effect             --name entry
        
        (one of the commands exited with non-zero exit code; note that snakemake uses bash strict mode!)

[Fri Jun 20 14:16:07 2025]
Finished job 4.
1 of 16 steps (6%) done
Shutting down, this might take some time.
Exiting because a job execution failed. Look above for error message
Complete log: .snakemake/log/2025-06-20T141601.122966.snakemake.log
