Building DAG of jobs...
Using shell: /bin/bash
Provided cores: 4
Rules claiming more threads will be scaled down.
Job stats:
job                count
---------------  -------
all                    1
chimerax_filter        4
make_defattr           5
total                 10

Select jobs to execute...

[Thu Sep 18 13:50:26 2025]
rule chimerax_filter:
    input: chimerax_pipeline.py, /fh/fast/bloom_j/computational_notebooks/sharari/2024/229E_spike_1984_DMS/results/antibody_escape/averages/86_11-sera_mut_effect.csv, /fh/fast/bloom_j/computational_notebooks/sharari/2024/229E_spike_1984_DMS/data/site_numbering_map.csv
    output: chimerax_files/escape_86_11_filtered_8WDE.csv, chimerax_files/escape_86_11_filtered_chimerax_8WDE.csv
    jobid: 18
    reason: Missing output files: chimerax_files/escape_86_11_filtered_chimerax_8WDE.csv
    wildcards: structure=8WDE, name=escape_86_11
    resources: tmpdir=/tmp


[Thu Sep 18 13:50:26 2025]
rule chimerax_filter:
    input: chimerax_pipeline.py, /fh/fast/bloom_j/computational_notebooks/sharari/2024/229E_spike_1984_DMS/results/antibody_escape/averages/86_11-sera_mut_effect.csv, /fh/fast/bloom_j/computational_notebooks/sharari/2024/229E_spike_1984_DMS/data/site_numbering_map.csv
    output: chimerax_files/escape_86_11_filtered_6U7H.csv, chimerax_files/escape_86_11_filtered_chimerax_6U7H.csv
    jobid: 12
    reason: Missing output files: chimerax_files/escape_86_11_filtered_chimerax_6U7H.csv; Updated input files: /fh/fast/bloom_j/computational_notebooks/sharari/2024/229E_spike_1984_DMS/results/antibody_escape/averages/86_11-sera_mut_effect.csv, chimerax_pipeline.py
    wildcards: structure=6U7H, name=escape_86_11
    resources: tmpdir=/tmp


[Thu Sep 18 13:50:26 2025]
rule chimerax_filter:
    input: chimerax_pipeline.py, /fh/fast/bloom_j/computational_notebooks/sharari/2024/229E_spike_1984_DMS/results/receptor_affinity/averages/human_APN_binding_mut_effect.csv, /fh/fast/bloom_j/computational_notebooks/sharari/2024/229E_spike_1984_DMS/data/site_numbering_map.csv
    output: chimerax_files/binding_filtered_8WDE.csv, chimerax_files/binding_filtered_chimerax_8WDE.csv
    jobid: 16
    reason: Updated input files: chimerax_pipeline.py
    wildcards: structure=8WDE, name=binding
    resources: tmpdir=/tmp


[Thu Sep 18 13:50:26 2025]
rule chimerax_filter:
    input: chimerax_pipeline.py, /fh/fast/bloom_j/computational_notebooks/sharari/2024/229E_spike_1984_DMS/results/func_effects/averages/cell_entry_func_effects.csv, /fh/fast/bloom_j/computational_notebooks/sharari/2024/229E_spike_1984_DMS/data/site_numbering_map.csv
    output: chimerax_files/entry_filtered_6U7H.csv, chimerax_files/entry_filtered_chimerax_6U7H.csv
    jobid: 8
    reason: Updated input files: chimerax_pipeline.py
    wildcards: structure=6U7H, name=entry
    resources: tmpdir=/tmp

[Thu Sep 18 13:50:28 2025]
Finished job 8.
1 of 10 steps (10%) done
Select jobs to execute...

[Thu Sep 18 13:50:28 2025]
rule make_defattr:
    input: chimerax_files/entry_filtered_chimerax_6U7H.csv
    output: results/6U7H/entry_filtered_chimerax_6U7H.defattr
    jobid: 7
    reason: Input files updated by another job: chimerax_files/entry_filtered_chimerax_6U7H.csv
    wildcards: structure=6U7H, name=entry
    resources: tmpdir=/tmp

[Thu Sep 18 13:50:28 2025]
Finished job 18.
2 of 10 steps (20%) done
[Thu Sep 18 13:50:28 2025]
Finished job 16.
3 of 10 steps (30%) done
[Thu Sep 18 13:50:28 2025]
Finished job 12.
4 of 10 steps (40%) done
Select jobs to execute...

[Thu Sep 18 13:50:28 2025]
rule make_defattr:
    input: chimerax_files/escape_86_11_filtered_chimerax_8WDE.csv
    output: results/8WDE/escape_86_11_filtered_chimerax_8WDE.defattr
    jobid: 17
    reason: Missing output files: results/8WDE/escape_86_11_filtered_chimerax_8WDE.defattr; Input files updated by another job: chimerax_files/escape_86_11_filtered_chimerax_8WDE.csv
    wildcards: structure=8WDE, name=escape_86_11
    resources: tmpdir=/tmp


[Thu Sep 18 13:50:28 2025]
rule make_defattr:
    input: chimerax_files/escape_86_11_filtered_chimerax_6U7E.csv
    output: results/6U7E/escape_86_11_filtered_chimerax_6U7E.defattr
    jobid: 5
    reason: Updated input files: chimerax_files/escape_86_11_filtered_chimerax_6U7E.csv
    wildcards: structure=6U7E, name=escape_86_11
    resources: tmpdir=/tmp


[Thu Sep 18 13:50:28 2025]
rule make_defattr:
    input: chimerax_files/escape_86_11_filtered_chimerax_6U7H.csv
    output: results/6U7H/escape_86_11_filtered_chimerax_6U7H.defattr
    jobid: 11
    reason: Input files updated by another job: chimerax_files/escape_86_11_filtered_chimerax_6U7H.csv
    wildcards: structure=6U7H, name=escape_86_11
    resources: tmpdir=/tmp

Select jobs to execute...
[Thu Sep 18 13:50:29 2025]
Finished job 7.
5 of 10 steps (50%) done

[Thu Sep 18 13:50:29 2025]
rule make_defattr:
    input: chimerax_files/binding_filtered_chimerax_8WDE.csv
    output: results/8WDE/binding_filtered_chimerax_8WDE.defattr
    jobid: 15
    reason: Input files updated by another job: chimerax_files/binding_filtered_chimerax_8WDE.csv
    wildcards: structure=8WDE, name=binding
    resources: tmpdir=/tmp

[Thu Sep 18 13:50:29 2025]
Finished job 17.
6 of 10 steps (60%) done
[Thu Sep 18 13:50:29 2025]
Finished job 11.
7 of 10 steps (70%) done
[Thu Sep 18 13:50:29 2025]
Finished job 5.
8 of 10 steps (80%) done
[Thu Sep 18 13:50:29 2025]
Finished job 15.
9 of 10 steps (90%) done
Select jobs to execute...

[Thu Sep 18 13:50:29 2025]
localrule all:
    input: results/6U7E/entry_filtered_chimerax_6U7E.defattr, results/6U7E/binding_filtered_chimerax_6U7E.defattr, results/6U7E/escape_86_11_filtered_chimerax_6U7E.defattr, results/6U7H/entry_filtered_chimerax_6U7H.defattr, results/6U7H/binding_filtered_chimerax_6U7H.defattr, results/6U7H/escape_86_11_filtered_chimerax_6U7H.defattr, results/8WDE/entry_filtered_chimerax_8WDE.defattr, results/8WDE/binding_filtered_chimerax_8WDE.defattr, results/8WDE/escape_86_11_filtered_chimerax_8WDE.defattr
    jobid: 0
    reason: Input files updated by another job: results/6U7E/escape_86_11_filtered_chimerax_6U7E.defattr, results/8WDE/binding_filtered_chimerax_8WDE.defattr, results/8WDE/escape_86_11_filtered_chimerax_8WDE.defattr, results/6U7H/entry_filtered_chimerax_6U7H.defattr, results/6U7H/escape_86_11_filtered_chimerax_6U7H.defattr
    resources: tmpdir=/tmp

[Thu Sep 18 13:50:29 2025]
Finished job 0.
10 of 10 steps (100%) done
Complete log: .snakemake/log/2025-09-18T135017.130774.snakemake.log
