Building DAG of jobs...
Using shell: /bin/bash
Provided cores: 4
Rules claiming more threads will be scaled down.
Job stats:
job                count
---------------  -------
all                    1
chimerax_filter       24
make_defattr          24
total                 49

Select jobs to execute...

[Thu Sep 18 14:23:46 2025]
rule chimerax_filter:
    input: chimerax_pipeline.py, /fh/fast/bloom_j/computational_notebooks/sharari/2024/229E_spike_1984_DMS/results/receptor_affinity/averages/human_APN_binding_mut_effect.csv, /fh/fast/bloom_j/computational_notebooks/sharari/2024/229E_spike_1984_DMS/data/site_numbering_map.csv
    output: chimerax_files/binding_filtered_6U7E.csv, chimerax_files/binding_filtered_chimerax_6U7E.csv
    jobid: 4
    reason: Updated input files: chimerax_pipeline.py
    wildcards: structure=6U7E, name=binding
    resources: tmpdir=/tmp


[Thu Sep 18 14:23:46 2025]
rule chimerax_filter:
    input: chimerax_pipeline.py, /fh/fast/bloom_j/computational_notebooks/sharari/2024/229E_spike_1984_DMS/results/antibody_escape/averages/88_4-sera_mut_effect.csv, /fh/fast/bloom_j/computational_notebooks/sharari/2024/229E_spike_1984_DMS/data/site_numbering_map.csv
    output: chimerax_files/escape_88-4_filtered_8WDE.csv, chimerax_files/escape_88-4_filtered_chimerax_8WDE.csv
    jobid: 44
    reason: Missing output files: chimerax_files/escape_88-4_filtered_chimerax_8WDE.csv
    wildcards: structure=8WDE, name=escape_88-4
    resources: tmpdir=/tmp


[Thu Sep 18 14:23:46 2025]
rule chimerax_filter:
    input: chimerax_pipeline.py, /fh/fast/bloom_j/computational_notebooks/sharari/2024/229E_spike_1984_DMS/results/antibody_escape/averages/86_11-sera_mut_effect.csv, /fh/fast/bloom_j/computational_notebooks/sharari/2024/229E_spike_1984_DMS/data/site_numbering_map.csv
    output: chimerax_files/escape_86-11_filtered_6U7H.csv, chimerax_files/escape_86-11_filtered_chimerax_6U7H.csv
    jobid: 22
    reason: Missing output files: chimerax_files/escape_86-11_filtered_chimerax_6U7H.csv
    wildcards: structure=6U7H, name=escape_86-11
    resources: tmpdir=/tmp


[Thu Sep 18 14:23:46 2025]
rule chimerax_filter:
    input: chimerax_pipeline.py, /fh/fast/bloom_j/computational_notebooks/sharari/2024/229E_spike_1984_DMS/results/antibody_escape/averages/88_10-sera_mut_effect.csv, /fh/fast/bloom_j/computational_notebooks/sharari/2024/229E_spike_1984_DMS/data/site_numbering_map.csv
    output: chimerax_files/escape_88-10_filtered_6U7E.csv, chimerax_files/escape_88-10_filtered_chimerax_6U7E.csv
    jobid: 8
    reason: Missing output files: chimerax_files/escape_88-10_filtered_chimerax_6U7E.csv
    wildcards: structure=6U7E, name=escape_88-10
    resources: tmpdir=/tmp

[Thu Sep 18 14:23:51 2025]
Finished job 22.
1 of 49 steps (2%) done
Select jobs to execute...

[Thu Sep 18 14:23:51 2025]
rule chimerax_filter:
    input: chimerax_pipeline.py, /fh/fast/bloom_j/computational_notebooks/sharari/2024/229E_spike_1984_DMS/results/func_effects/averages/cell_entry_func_effects.csv, /fh/fast/bloom_j/computational_notebooks/sharari/2024/229E_spike_1984_DMS/data/site_numbering_map.csv
    output: chimerax_files/entry_filtered_6U7E.csv, chimerax_files/entry_filtered_chimerax_6U7E.csv
    jobid: 2
    reason: Updated input files: chimerax_pipeline.py
    wildcards: structure=6U7E, name=entry
    resources: tmpdir=/tmp

[Thu Sep 18 14:23:51 2025]
Finished job 4.
2 of 49 steps (4%) done
[Thu Sep 18 14:23:51 2025]
Finished job 8.
3 of 49 steps (6%) done
[Thu Sep 18 14:23:51 2025]
Finished job 44.
4 of 49 steps (8%) done
Select jobs to execute...

[Thu Sep 18 14:23:51 2025]
rule chimerax_filter:
    input: chimerax_pipeline.py, /fh/fast/bloom_j/computational_notebooks/sharari/2024/229E_spike_1984_DMS/results/antibody_escape/averages/88_10-sera_mut_effect.csv, /fh/fast/bloom_j/computational_notebooks/sharari/2024/229E_spike_1984_DMS/data/site_numbering_map.csv
    output: chimerax_files/escape_88-10_filtered_8WDE.csv, chimerax_files/escape_88-10_filtered_chimerax_8WDE.csv
    jobid: 40
    reason: Missing output files: chimerax_files/escape_88-10_filtered_chimerax_8WDE.csv
    wildcards: structure=8WDE, name=escape_88-10
    resources: tmpdir=/tmp


[Thu Sep 18 14:23:51 2025]
rule make_defattr:
    input: chimerax_files/escape_86-11_filtered_chimerax_6U7H.csv
    output: results/6U7H/escape_86-11_filtered_chimerax_6U7H.defattr
    jobid: 21
    reason: Missing output files: results/6U7H/escape_86-11_filtered_chimerax_6U7H.defattr; Input files updated by another job: chimerax_files/escape_86-11_filtered_chimerax_6U7H.csv
    wildcards: structure=6U7H, name=escape_86-11
    resources: tmpdir=/tmp


[Thu Sep 18 14:23:51 2025]
rule chimerax_filter:
    input: chimerax_pipeline.py, /fh/fast/bloom_j/computational_notebooks/sharari/2024/229E_spike_1984_DMS/results/antibody_escape/averages/87_2-sera_mut_effect.csv, /fh/fast/bloom_j/computational_notebooks/sharari/2024/229E_spike_1984_DMS/data/site_numbering_map.csv
    output: chimerax_files/escape_87-2_filtered_6U7H.csv, chimerax_files/escape_87-2_filtered_chimerax_6U7H.csv
    jobid: 26
    reason: Missing output files: chimerax_files/escape_87-2_filtered_chimerax_6U7H.csv
    wildcards: structure=6U7H, name=escape_87-2
    resources: tmpdir=/tmp

Select jobs to execute...
[Thu Sep 18 14:23:52 2025]
Finished job 21.
5 of 49 steps (10%) done

[Thu Sep 18 14:23:52 2025]
rule chimerax_filter:
    input: chimerax_pipeline.py, /fh/fast/bloom_j/computational_notebooks/sharari/2024/229E_spike_1984_DMS/results/antibody_escape/averages/85_3-sera_mut_effect.csv, /fh/fast/bloom_j/computational_notebooks/sharari/2024/229E_spike_1984_DMS/data/site_numbering_map.csv
    output: chimerax_files/escape_85-3_filtered_6U7H.csv, chimerax_files/escape_85-3_filtered_chimerax_6U7H.csv
    jobid: 30
    reason: Missing output files: chimerax_files/escape_85-3_filtered_chimerax_6U7H.csv
    wildcards: structure=6U7H, name=escape_85-3
    resources: tmpdir=/tmp

[Thu Sep 18 14:23:52 2025]
Finished job 2.
6 of 49 steps (12%) done
Select jobs to execute...

[Thu Sep 18 14:23:52 2025]
rule chimerax_filter:
    input: chimerax_pipeline.py, /fh/fast/bloom_j/computational_notebooks/sharari/2024/229E_spike_1984_DMS/results/antibody_escape/averages/88_10-sera_mut_effect.csv, /fh/fast/bloom_j/computational_notebooks/sharari/2024/229E_spike_1984_DMS/data/site_numbering_map.csv
    output: chimerax_files/escape_88-10_filtered_6U7H.csv, chimerax_files/escape_88-10_filtered_chimerax_6U7H.csv
    jobid: 24
    reason: Missing output files: chimerax_files/escape_88-10_filtered_chimerax_6U7H.csv
    wildcards: structure=6U7H, name=escape_88-10
    resources: tmpdir=/tmp

[Thu Sep 18 14:23:53 2025]
Finished job 26.
7 of 49 steps (14%) done
Select jobs to execute...

[Thu Sep 18 14:23:53 2025]
rule chimerax_filter:
    input: chimerax_pipeline.py, /fh/fast/bloom_j/computational_notebooks/sharari/2024/229E_spike_1984_DMS/results/antibody_escape/averages/85_3-sera_mut_effect.csv, /fh/fast/bloom_j/computational_notebooks/sharari/2024/229E_spike_1984_DMS/data/site_numbering_map.csv
    output: chimerax_files/escape_85-3_filtered_6U7E.csv, chimerax_files/escape_85-3_filtered_chimerax_6U7E.csv
    jobid: 14
    reason: Missing output files: chimerax_files/escape_85-3_filtered_chimerax_6U7E.csv
    wildcards: structure=6U7E, name=escape_85-3
    resources: tmpdir=/tmp

[Thu Sep 18 14:23:53 2025]
Finished job 40.
8 of 49 steps (16%) done
Select jobs to execute...

[Thu Sep 18 14:23:53 2025]
rule make_defattr:
    input: chimerax_files/escape_88-10_filtered_chimerax_8WDE.csv
    output: results/8WDE/escape_88-10_filtered_chimerax_8WDE.defattr
    jobid: 39
    reason: Missing output files: results/8WDE/escape_88-10_filtered_chimerax_8WDE.defattr; Input files updated by another job: chimerax_files/escape_88-10_filtered_chimerax_8WDE.csv
    wildcards: structure=8WDE, name=escape_88-10
    resources: tmpdir=/tmp

[Thu Sep 18 14:23:53 2025]
Finished job 30.
9 of 49 steps (18%) done
Select jobs to execute...

[Thu Sep 18 14:23:54 2025]
rule chimerax_filter:
    input: chimerax_pipeline.py, /fh/fast/bloom_j/computational_notebooks/sharari/2024/229E_spike_1984_DMS/results/antibody_escape/averages/86_11-sera_mut_effect.csv, /fh/fast/bloom_j/computational_notebooks/sharari/2024/229E_spike_1984_DMS/data/site_numbering_map.csv
    output: chimerax_files/escape_86-11_filtered_8WDE.csv, chimerax_files/escape_86-11_filtered_chimerax_8WDE.csv
    jobid: 38
    reason: Missing output files: chimerax_files/escape_86-11_filtered_chimerax_8WDE.csv
    wildcards: structure=8WDE, name=escape_86-11
    resources: tmpdir=/tmp

[Thu Sep 18 14:23:54 2025]
Finished job 24.
10 of 49 steps (20%) done
[Thu Sep 18 14:23:54 2025]
Finished job 39.
11 of 49 steps (22%) done
Select jobs to execute...

[Thu Sep 18 14:23:54 2025]
rule chimerax_filter:
    input: chimerax_pipeline.py, /fh/fast/bloom_j/computational_notebooks/sharari/2024/229E_spike_1984_DMS/results/receptor_affinity/averages/human_APN_binding_mut_effect.csv, /fh/fast/bloom_j/computational_notebooks/sharari/2024/229E_spike_1984_DMS/data/site_numbering_map.csv
    output: chimerax_files/binding_filtered_8WDE.csv, chimerax_files/binding_filtered_chimerax_8WDE.csv
    jobid: 36
    reason: Updated input files: chimerax_pipeline.py
    wildcards: structure=8WDE, name=binding
    resources: tmpdir=/tmp


[Thu Sep 18 14:23:54 2025]
rule make_defattr:
    input: chimerax_files/escape_88-4_filtered_chimerax_8WDE.csv
    output: results/8WDE/escape_88-4_filtered_chimerax_8WDE.defattr
    jobid: 43
    reason: Missing output files: results/8WDE/escape_88-4_filtered_chimerax_8WDE.defattr; Input files updated by another job: chimerax_files/escape_88-4_filtered_chimerax_8WDE.csv
    wildcards: structure=8WDE, name=escape_88-4
    resources: tmpdir=/tmp

Select jobs to execute...
[Thu Sep 18 14:23:54 2025]
Finished job 14.
12 of 49 steps (24%) done

[Thu Sep 18 14:23:54 2025]
rule make_defattr:
    input: chimerax_files/escape_88-10_filtered_chimerax_6U7H.csv
    output: results/6U7H/escape_88-10_filtered_chimerax_6U7H.defattr
    jobid: 23
    reason: Missing output files: results/6U7H/escape_88-10_filtered_chimerax_6U7H.defattr; Input files updated by another job: chimerax_files/escape_88-10_filtered_chimerax_6U7H.csv
    wildcards: structure=6U7H, name=escape_88-10
    resources: tmpdir=/tmp

[Thu Sep 18 14:23:54 2025]
Finished job 43.
13 of 49 steps (27%) done
Select jobs to execute...

[Thu Sep 18 14:23:55 2025]
rule make_defattr:
    input: chimerax_files/binding_filtered_chimerax_6U7E.csv
    output: results/6U7E/binding_filtered_chimerax_6U7E.defattr
    jobid: 3
    reason: Input files updated by another job: chimerax_files/binding_filtered_chimerax_6U7E.csv
    wildcards: structure=6U7E, name=binding
    resources: tmpdir=/tmp

[Thu Sep 18 14:23:55 2025]
Finished job 23.
14 of 49 steps (29%) done
[Thu Sep 18 14:23:55 2025]
Finished job 38.
15 of 49 steps (31%) done
Select jobs to execute...

[Thu Sep 18 14:23:55 2025]
rule make_defattr:
    input: chimerax_files/entry_filtered_chimerax_6U7E.csv
    output: results/6U7E/entry_filtered_chimerax_6U7E.defattr
    jobid: 1
    reason: Input files updated by another job: chimerax_files/entry_filtered_chimerax_6U7E.csv
    wildcards: structure=6U7E, name=entry
    resources: tmpdir=/tmp


[Thu Sep 18 14:23:55 2025]
rule chimerax_filter:
    input: chimerax_pipeline.py, /fh/fast/bloom_j/computational_notebooks/sharari/2024/229E_spike_1984_DMS/results/receptor_affinity/averages/human_APN_binding_mut_effect.csv, /fh/fast/bloom_j/computational_notebooks/sharari/2024/229E_spike_1984_DMS/data/site_numbering_map.csv
    output: chimerax_files/binding_filtered_6U7H.csv, chimerax_files/binding_filtered_chimerax_6U7H.csv
    jobid: 20
    reason: Updated input files: chimerax_pipeline.py
    wildcards: structure=6U7H, name=binding
    resources: tmpdir=/tmp

[Thu Sep 18 14:23:55 2025]
Finished job 36.
16 of 49 steps (33%) done
Select jobs to execute...

[Thu Sep 18 14:23:55 2025]
rule make_defattr:
    input: chimerax_files/binding_filtered_chimerax_8WDE.csv
    output: results/8WDE/binding_filtered_chimerax_8WDE.defattr
    jobid: 35
    reason: Input files updated by another job: chimerax_files/binding_filtered_chimerax_8WDE.csv
    wildcards: structure=8WDE, name=binding
    resources: tmpdir=/tmp

Select jobs to execute...
[Thu Sep 18 14:23:55 2025]
Finished job 3.
17 of 49 steps (35%) done

[Thu Sep 18 14:23:55 2025]
rule chimerax_filter:
    input: chimerax_pipeline.py, /fh/fast/bloom_j/computational_notebooks/sharari/2024/229E_spike_1984_DMS/results/func_effects/averages/cell_entry_func_effects.csv, /fh/fast/bloom_j/computational_notebooks/sharari/2024/229E_spike_1984_DMS/data/site_numbering_map.csv
    output: chimerax_files/entry_filtered_8WDE.csv, chimerax_files/entry_filtered_chimerax_8WDE.csv
    jobid: 34
    reason: Updated input files: chimerax_pipeline.py
    wildcards: structure=8WDE, name=entry
    resources: tmpdir=/tmp

[Thu Sep 18 14:23:56 2025]
Finished job 1.
18 of 49 steps (37%) done
Select jobs to execute...

[Thu Sep 18 14:23:56 2025]
rule chimerax_filter:
    input: chimerax_pipeline.py, /fh/fast/bloom_j/computational_notebooks/sharari/2024/229E_spike_1984_DMS/results/antibody_escape/averages/85_7-sera_mut_effect.csv, /fh/fast/bloom_j/computational_notebooks/sharari/2024/229E_spike_1984_DMS/data/site_numbering_map.csv
    output: chimerax_files/escape_85-7_filtered_6U7H.csv, chimerax_files/escape_85-7_filtered_chimerax_6U7H.csv
    jobid: 32
    reason: Missing output files: chimerax_files/escape_85-7_filtered_chimerax_6U7H.csv
    wildcards: structure=6U7H, name=escape_85-7
    resources: tmpdir=/tmp

[Thu Sep 18 14:23:56 2025]
Finished job 35.
19 of 49 steps (39%) done
Select jobs to execute...

[Thu Sep 18 14:23:56 2025]
rule chimerax_filter:
    input: chimerax_pipeline.py, /fh/fast/bloom_j/computational_notebooks/sharari/2024/229E_spike_1984_DMS/results/antibody_escape/averages/85_7-sera_mut_effect.csv, /fh/fast/bloom_j/computational_notebooks/sharari/2024/229E_spike_1984_DMS/data/site_numbering_map.csv
    output: chimerax_files/escape_85-7_filtered_8WDE.csv, chimerax_files/escape_85-7_filtered_chimerax_8WDE.csv
    jobid: 48
    reason: Missing output files: chimerax_files/escape_85-7_filtered_chimerax_8WDE.csv
    wildcards: structure=8WDE, name=escape_85-7
    resources: tmpdir=/tmp

[Thu Sep 18 14:23:56 2025]
Finished job 20.
20 of 49 steps (41%) done
Select jobs to execute...

[Thu Sep 18 14:23:56 2025]
rule make_defattr:
    input: chimerax_files/escape_88-10_filtered_chimerax_6U7E.csv
    output: results/6U7E/escape_88-10_filtered_chimerax_6U7E.defattr
    jobid: 7
    reason: Missing output files: results/6U7E/escape_88-10_filtered_chimerax_6U7E.defattr; Input files updated by another job: chimerax_files/escape_88-10_filtered_chimerax_6U7E.csv
    wildcards: structure=6U7E, name=escape_88-10
    resources: tmpdir=/tmp

[Thu Sep 18 14:23:57 2025]
Finished job 34.
21 of 49 steps (43%) done
Select jobs to execute...

[Thu Sep 18 14:23:57 2025]
rule make_defattr:
    input: chimerax_files/escape_85-3_filtered_chimerax_6U7E.csv
    output: results/6U7E/escape_85-3_filtered_chimerax_6U7E.defattr
    jobid: 13
    reason: Missing output files: results/6U7E/escape_85-3_filtered_chimerax_6U7E.defattr; Input files updated by another job: chimerax_files/escape_85-3_filtered_chimerax_6U7E.csv
    wildcards: structure=6U7E, name=escape_85-3
    resources: tmpdir=/tmp

[Thu Sep 18 14:23:57 2025]
Finished job 7.
22 of 49 steps (45%) done
Select jobs to execute...

[Thu Sep 18 14:23:57 2025]
rule chimerax_filter:
    input: chimerax_pipeline.py, /fh/fast/bloom_j/computational_notebooks/sharari/2024/229E_spike_1984_DMS/results/antibody_escape/averages/85_7-sera_mut_effect.csv, /fh/fast/bloom_j/computational_notebooks/sharari/2024/229E_spike_1984_DMS/data/site_numbering_map.csv
    output: chimerax_files/escape_85-7_filtered_6U7E.csv, chimerax_files/escape_85-7_filtered_chimerax_6U7E.csv
    jobid: 16
    reason: Missing output files: chimerax_files/escape_85-7_filtered_chimerax_6U7E.csv
    wildcards: structure=6U7E, name=escape_85-7
    resources: tmpdir=/tmp

[Thu Sep 18 14:23:57 2025]
Finished job 48.
23 of 49 steps (47%) done
Select jobs to execute...

[Thu Sep 18 14:23:57 2025]
rule make_defattr:
    input: chimerax_files/escape_87-2_filtered_chimerax_6U7H.csv
    output: results/6U7H/escape_87-2_filtered_chimerax_6U7H.defattr
    jobid: 25
    reason: Missing output files: results/6U7H/escape_87-2_filtered_chimerax_6U7H.defattr; Input files updated by another job: chimerax_files/escape_87-2_filtered_chimerax_6U7H.csv
    wildcards: structure=6U7H, name=escape_87-2
    resources: tmpdir=/tmp

[Thu Sep 18 14:23:57 2025]
Finished job 32.
24 of 49 steps (49%) done
Select jobs to execute...

[Thu Sep 18 14:23:57 2025]
rule chimerax_filter:
    input: chimerax_pipeline.py, /fh/fast/bloom_j/computational_notebooks/sharari/2024/229E_spike_1984_DMS/results/antibody_escape/averages/85_3-sera_mut_effect.csv, /fh/fast/bloom_j/computational_notebooks/sharari/2024/229E_spike_1984_DMS/data/site_numbering_map.csv
    output: chimerax_files/escape_85-3_filtered_8WDE.csv, chimerax_files/escape_85-3_filtered_chimerax_8WDE.csv
    jobid: 46
    reason: Missing output files: chimerax_files/escape_85-3_filtered_chimerax_8WDE.csv
    wildcards: structure=8WDE, name=escape_85-3
    resources: tmpdir=/tmp

[Thu Sep 18 14:23:58 2025]
Finished job 13.
25 of 49 steps (51%) done
Select jobs to execute...

[Thu Sep 18 14:23:58 2025]
rule make_defattr:
    input: chimerax_files/escape_85-3_filtered_chimerax_6U7H.csv
    output: results/6U7H/escape_85-3_filtered_chimerax_6U7H.defattr
    jobid: 29
    reason: Missing output files: results/6U7H/escape_85-3_filtered_chimerax_6U7H.defattr; Input files updated by another job: chimerax_files/escape_85-3_filtered_chimerax_6U7H.csv
    wildcards: structure=6U7H, name=escape_85-3
    resources: tmpdir=/tmp

[Thu Sep 18 14:23:58 2025]
Finished job 25.
26 of 49 steps (53%) done
Select jobs to execute...

[Thu Sep 18 14:23:58 2025]
rule chimerax_filter:
    input: chimerax_pipeline.py, /fh/fast/bloom_j/computational_notebooks/sharari/2024/229E_spike_1984_DMS/results/func_effects/averages/cell_entry_func_effects.csv, /fh/fast/bloom_j/computational_notebooks/sharari/2024/229E_spike_1984_DMS/data/site_numbering_map.csv
    output: chimerax_files/entry_filtered_6U7H.csv, chimerax_files/entry_filtered_chimerax_6U7H.csv
    jobid: 18
    reason: Updated input files: chimerax_pipeline.py
    wildcards: structure=6U7H, name=entry
    resources: tmpdir=/tmp

[Thu Sep 18 14:23:58 2025]
Finished job 16.
27 of 49 steps (55%) done
Select jobs to execute...

[Thu Sep 18 14:23:58 2025]
rule chimerax_filter:
    input: chimerax_pipeline.py, /fh/fast/bloom_j/computational_notebooks/sharari/2024/229E_spike_1984_DMS/results/antibody_escape/averages/88_4-sera_mut_effect.csv, /fh/fast/bloom_j/computational_notebooks/sharari/2024/229E_spike_1984_DMS/data/site_numbering_map.csv
    output: chimerax_files/escape_88-4_filtered_6U7E.csv, chimerax_files/escape_88-4_filtered_chimerax_6U7E.csv
    jobid: 12
    reason: Missing output files: chimerax_files/escape_88-4_filtered_chimerax_6U7E.csv
    wildcards: structure=6U7E, name=escape_88-4
    resources: tmpdir=/tmp

[Thu Sep 18 14:23:58 2025]
Finished job 46.
28 of 49 steps (57%) done
Select jobs to execute...

[Thu Sep 18 14:23:58 2025]
rule make_defattr:
    input: chimerax_files/escape_85-3_filtered_chimerax_8WDE.csv
    output: results/8WDE/escape_85-3_filtered_chimerax_8WDE.defattr
    jobid: 45
    reason: Missing output files: results/8WDE/escape_85-3_filtered_chimerax_8WDE.defattr; Input files updated by another job: chimerax_files/escape_85-3_filtered_chimerax_8WDE.csv
    wildcards: structure=8WDE, name=escape_85-3
    resources: tmpdir=/tmp

[Thu Sep 18 14:23:59 2025]
Finished job 29.
29 of 49 steps (59%) done
Select jobs to execute...

[Thu Sep 18 14:23:59 2025]
rule make_defattr:
    input: chimerax_files/escape_85-7_filtered_chimerax_8WDE.csv
    output: results/8WDE/escape_85-7_filtered_chimerax_8WDE.defattr
    jobid: 47
    reason: Missing output files: results/8WDE/escape_85-7_filtered_chimerax_8WDE.defattr; Input files updated by another job: chimerax_files/escape_85-7_filtered_chimerax_8WDE.csv
    wildcards: structure=8WDE, name=escape_85-7
    resources: tmpdir=/tmp

[Thu Sep 18 14:23:59 2025]
Finished job 18.
30 of 49 steps (61%) done
Select jobs to execute...

[Thu Sep 18 14:23:59 2025]
rule make_defattr:
    input: chimerax_files/escape_85-7_filtered_chimerax_6U7H.csv
    output: results/6U7H/escape_85-7_filtered_chimerax_6U7H.defattr
    jobid: 31
    reason: Missing output files: results/6U7H/escape_85-7_filtered_chimerax_6U7H.defattr; Input files updated by another job: chimerax_files/escape_85-7_filtered_chimerax_6U7H.csv
    wildcards: structure=6U7H, name=escape_85-7
    resources: tmpdir=/tmp

[Thu Sep 18 14:23:59 2025]
Finished job 45.
31 of 49 steps (63%) done
Select jobs to execute...

[Thu Sep 18 14:23:59 2025]
rule chimerax_filter:
    input: chimerax_pipeline.py, /fh/fast/bloom_j/computational_notebooks/sharari/2024/229E_spike_1984_DMS/results/antibody_escape/averages/88_4-sera_mut_effect.csv, /fh/fast/bloom_j/computational_notebooks/sharari/2024/229E_spike_1984_DMS/data/site_numbering_map.csv
    output: chimerax_files/escape_88-4_filtered_6U7H.csv, chimerax_files/escape_88-4_filtered_chimerax_6U7H.csv
    jobid: 28
    reason: Missing output files: chimerax_files/escape_88-4_filtered_chimerax_6U7H.csv
    wildcards: structure=6U7H, name=escape_88-4
    resources: tmpdir=/tmp

[Thu Sep 18 14:23:59 2025]
Finished job 12.
32 of 49 steps (65%) done
Select jobs to execute...

[Thu Sep 18 14:23:59 2025]
rule make_defattr:
    input: chimerax_files/escape_88-4_filtered_chimerax_6U7E.csv
    output: results/6U7E/escape_88-4_filtered_chimerax_6U7E.defattr
    jobid: 11
    reason: Missing output files: results/6U7E/escape_88-4_filtered_chimerax_6U7E.defattr; Input files updated by another job: chimerax_files/escape_88-4_filtered_chimerax_6U7E.csv
    wildcards: structure=6U7E, name=escape_88-4
    resources: tmpdir=/tmp

[Thu Sep 18 14:23:59 2025]
Finished job 47.
33 of 49 steps (67%) done
Select jobs to execute...

[Thu Sep 18 14:23:59 2025]
rule chimerax_filter:
    input: chimerax_pipeline.py, /fh/fast/bloom_j/computational_notebooks/sharari/2024/229E_spike_1984_DMS/results/antibody_escape/averages/87_2-sera_mut_effect.csv, /fh/fast/bloom_j/computational_notebooks/sharari/2024/229E_spike_1984_DMS/data/site_numbering_map.csv
    output: chimerax_files/escape_87-2_filtered_6U7E.csv, chimerax_files/escape_87-2_filtered_chimerax_6U7E.csv
    jobid: 10
    reason: Missing output files: chimerax_files/escape_87-2_filtered_chimerax_6U7E.csv
    wildcards: structure=6U7E, name=escape_87-2
    resources: tmpdir=/tmp

[Thu Sep 18 14:24:00 2025]
Finished job 31.
34 of 49 steps (69%) done
Select jobs to execute...

[Thu Sep 18 14:24:00 2025]
rule make_defattr:
    input: chimerax_files/escape_86-11_filtered_chimerax_8WDE.csv
    output: results/8WDE/escape_86-11_filtered_chimerax_8WDE.defattr
    jobid: 37
    reason: Missing output files: results/8WDE/escape_86-11_filtered_chimerax_8WDE.defattr; Input files updated by another job: chimerax_files/escape_86-11_filtered_chimerax_8WDE.csv
    wildcards: structure=8WDE, name=escape_86-11
    resources: tmpdir=/tmp

[Thu Sep 18 14:24:00 2025]
Finished job 11.
35 of 49 steps (71%) done
Select jobs to execute...

[Thu Sep 18 14:24:00 2025]
rule make_defattr:
    input: chimerax_files/binding_filtered_chimerax_6U7H.csv
    output: results/6U7H/binding_filtered_chimerax_6U7H.defattr
    jobid: 19
    reason: Input files updated by another job: chimerax_files/binding_filtered_chimerax_6U7H.csv
    wildcards: structure=6U7H, name=binding
    resources: tmpdir=/tmp

[Thu Sep 18 14:24:00 2025]
Finished job 28.
36 of 49 steps (73%) done
Select jobs to execute...

[Thu Sep 18 14:24:01 2025]
rule make_defattr:
    input: chimerax_files/escape_88-4_filtered_chimerax_6U7H.csv
    output: results/6U7H/escape_88-4_filtered_chimerax_6U7H.defattr
    jobid: 27
    reason: Missing output files: results/6U7H/escape_88-4_filtered_chimerax_6U7H.defattr; Input files updated by another job: chimerax_files/escape_88-4_filtered_chimerax_6U7H.csv
    wildcards: structure=6U7H, name=escape_88-4
    resources: tmpdir=/tmp

[Thu Sep 18 14:24:01 2025]
Finished job 10.
37 of 49 steps (76%) done
Select jobs to execute...

[Thu Sep 18 14:24:01 2025]
rule make_defattr:
    input: chimerax_files/escape_87-2_filtered_chimerax_6U7E.csv
    output: results/6U7E/escape_87-2_filtered_chimerax_6U7E.defattr
    jobid: 9
    reason: Missing output files: results/6U7E/escape_87-2_filtered_chimerax_6U7E.defattr; Input files updated by another job: chimerax_files/escape_87-2_filtered_chimerax_6U7E.csv
    wildcards: structure=6U7E, name=escape_87-2
    resources: tmpdir=/tmp

[Thu Sep 18 14:24:01 2025]
Finished job 37.
38 of 49 steps (78%) done
Select jobs to execute...

[Thu Sep 18 14:24:01 2025]
rule chimerax_filter:
    input: chimerax_pipeline.py, /fh/fast/bloom_j/computational_notebooks/sharari/2024/229E_spike_1984_DMS/results/antibody_escape/averages/87_2-sera_mut_effect.csv, /fh/fast/bloom_j/computational_notebooks/sharari/2024/229E_spike_1984_DMS/data/site_numbering_map.csv
    output: chimerax_files/escape_87-2_filtered_8WDE.csv, chimerax_files/escape_87-2_filtered_chimerax_8WDE.csv
    jobid: 42
    reason: Missing output files: chimerax_files/escape_87-2_filtered_chimerax_8WDE.csv
    wildcards: structure=8WDE, name=escape_87-2
    resources: tmpdir=/tmp

[Thu Sep 18 14:24:01 2025]
Finished job 19.
39 of 49 steps (80%) done
Select jobs to execute...

[Thu Sep 18 14:24:01 2025]
rule make_defattr:
    input: chimerax_files/entry_filtered_chimerax_8WDE.csv
    output: results/8WDE/entry_filtered_chimerax_8WDE.defattr
    jobid: 33
    reason: Input files updated by another job: chimerax_files/entry_filtered_chimerax_8WDE.csv
    wildcards: structure=8WDE, name=entry
    resources: tmpdir=/tmp

[Thu Sep 18 14:24:01 2025]
Finished job 27.
40 of 49 steps (82%) done
Select jobs to execute...

[Thu Sep 18 14:24:02 2025]
rule make_defattr:
    input: chimerax_files/entry_filtered_chimerax_6U7H.csv
    output: results/6U7H/entry_filtered_chimerax_6U7H.defattr
    jobid: 17
    reason: Input files updated by another job: chimerax_files/entry_filtered_chimerax_6U7H.csv
    wildcards: structure=6U7H, name=entry
    resources: tmpdir=/tmp

[Thu Sep 18 14:24:02 2025]
Finished job 9.
41 of 49 steps (84%) done
Select jobs to execute...

[Thu Sep 18 14:24:02 2025]
rule make_defattr:
    input: chimerax_files/escape_85-7_filtered_chimerax_6U7E.csv
    output: results/6U7E/escape_85-7_filtered_chimerax_6U7E.defattr
    jobid: 15
    reason: Missing output files: results/6U7E/escape_85-7_filtered_chimerax_6U7E.defattr; Input files updated by another job: chimerax_files/escape_85-7_filtered_chimerax_6U7E.csv
    wildcards: structure=6U7E, name=escape_85-7
    resources: tmpdir=/tmp

[Thu Sep 18 14:24:02 2025]
Finished job 33.
42 of 49 steps (86%) done
Select jobs to execute...

[Thu Sep 18 14:24:02 2025]
rule chimerax_filter:
    input: chimerax_pipeline.py, /fh/fast/bloom_j/computational_notebooks/sharari/2024/229E_spike_1984_DMS/results/antibody_escape/averages/86_11-sera_mut_effect.csv, /fh/fast/bloom_j/computational_notebooks/sharari/2024/229E_spike_1984_DMS/data/site_numbering_map.csv
    output: chimerax_files/escape_86-11_filtered_6U7E.csv, chimerax_files/escape_86-11_filtered_chimerax_6U7E.csv
    jobid: 6
    reason: Missing output files: chimerax_files/escape_86-11_filtered_chimerax_6U7E.csv
    wildcards: structure=6U7E, name=escape_86-11
    resources: tmpdir=/tmp

[Thu Sep 18 14:24:02 2025]
Finished job 42.
43 of 49 steps (88%) done
Select jobs to execute...

[Thu Sep 18 14:24:02 2025]
rule make_defattr:
    input: chimerax_files/escape_87-2_filtered_chimerax_8WDE.csv
    output: results/8WDE/escape_87-2_filtered_chimerax_8WDE.defattr
    jobid: 41
    reason: Missing output files: results/8WDE/escape_87-2_filtered_chimerax_8WDE.defattr; Input files updated by another job: chimerax_files/escape_87-2_filtered_chimerax_8WDE.csv
    wildcards: structure=8WDE, name=escape_87-2
    resources: tmpdir=/tmp

[Thu Sep 18 14:24:02 2025]
Finished job 17.
44 of 49 steps (90%) done
[Thu Sep 18 14:24:02 2025]
Finished job 15.
45 of 49 steps (92%) done
[Thu Sep 18 14:24:03 2025]
Finished job 41.
46 of 49 steps (94%) done
[Thu Sep 18 14:24:03 2025]
Finished job 6.
47 of 49 steps (96%) done
Select jobs to execute...

[Thu Sep 18 14:24:03 2025]
rule make_defattr:
    input: chimerax_files/escape_86-11_filtered_chimerax_6U7E.csv
    output: results/6U7E/escape_86-11_filtered_chimerax_6U7E.defattr
    jobid: 5
    reason: Missing output files: results/6U7E/escape_86-11_filtered_chimerax_6U7E.defattr; Input files updated by another job: chimerax_files/escape_86-11_filtered_chimerax_6U7E.csv
    wildcards: structure=6U7E, name=escape_86-11
    resources: tmpdir=/tmp

[Thu Sep 18 14:24:04 2025]
Finished job 5.
48 of 49 steps (98%) done
Select jobs to execute...

[Thu Sep 18 14:24:04 2025]
localrule all:
    input: results/6U7E/entry_filtered_chimerax_6U7E.defattr, results/6U7E/binding_filtered_chimerax_6U7E.defattr, results/6U7E/escape_86-11_filtered_chimerax_6U7E.defattr, results/6U7E/escape_88-10_filtered_chimerax_6U7E.defattr, results/6U7E/escape_87-2_filtered_chimerax_6U7E.defattr, results/6U7E/escape_88-4_filtered_chimerax_6U7E.defattr, results/6U7E/escape_85-3_filtered_chimerax_6U7E.defattr, results/6U7E/escape_85-7_filtered_chimerax_6U7E.defattr, results/6U7H/entry_filtered_chimerax_6U7H.defattr, results/6U7H/binding_filtered_chimerax_6U7H.defattr, results/6U7H/escape_86-11_filtered_chimerax_6U7H.defattr, results/6U7H/escape_88-10_filtered_chimerax_6U7H.defattr, results/6U7H/escape_87-2_filtered_chimerax_6U7H.defattr, results/6U7H/escape_88-4_filtered_chimerax_6U7H.defattr, results/6U7H/escape_85-3_filtered_chimerax_6U7H.defattr, results/6U7H/escape_85-7_filtered_chimerax_6U7H.defattr, results/8WDE/entry_filtered_chimerax_8WDE.defattr, results/8WDE/binding_filtered_chimerax_8WDE.defattr, results/8WDE/escape_86-11_filtered_chimerax_8WDE.defattr, results/8WDE/escape_88-10_filtered_chimerax_8WDE.defattr, results/8WDE/escape_87-2_filtered_chimerax_8WDE.defattr, results/8WDE/escape_88-4_filtered_chimerax_8WDE.defattr, results/8WDE/escape_85-3_filtered_chimerax_8WDE.defattr, results/8WDE/escape_85-7_filtered_chimerax_8WDE.defattr
    jobid: 0
    reason: Input files updated by another job: results/8WDE/escape_85-3_filtered_chimerax_8WDE.defattr, results/6U7H/binding_filtered_chimerax_6U7H.defattr, results/6U7E/escape_86-11_filtered_chimerax_6U7E.defattr, results/6U7E/escape_85-7_filtered_chimerax_6U7E.defattr, results/8WDE/escape_88-4_filtered_chimerax_8WDE.defattr, results/6U7H/escape_88-10_filtered_chimerax_6U7H.defattr, results/6U7H/escape_87-2_filtered_chimerax_6U7H.defattr, results/8WDE/entry_filtered_chimerax_8WDE.defattr, results/6U7E/escape_87-2_filtered_chimerax_6U7E.defattr, results/6U7E/escape_88-4_filtered_chimerax_6U7E.defattr, results/6U7E/escape_85-3_filtered_chimerax_6U7E.defattr, results/6U7E/binding_filtered_chimerax_6U7E.defattr, results/8WDE/escape_85-7_filtered_chimerax_8WDE.defattr, results/6U7H/escape_85-3_filtered_chimerax_6U7H.defattr, results/6U7E/entry_filtered_chimerax_6U7E.defattr, results/8WDE/escape_87-2_filtered_chimerax_8WDE.defattr, results/8WDE/escape_86-11_filtered_chimerax_8WDE.defattr, results/6U7H/escape_86-11_filtered_chimerax_6U7H.defattr, results/8WDE/escape_88-10_filtered_chimerax_8WDE.defattr, results/6U7E/escape_88-10_filtered_chimerax_6U7E.defattr, results/6U7H/entry_filtered_chimerax_6U7H.defattr, results/6U7H/escape_88-4_filtered_chimerax_6U7H.defattr, results/8WDE/binding_filtered_chimerax_8WDE.defattr, results/6U7H/escape_85-7_filtered_chimerax_6U7H.defattr
    resources: tmpdir=/tmp

[Thu Sep 18 14:24:04 2025]
Finished job 0.
49 of 49 steps (100%) done
Complete log: .snakemake/log/2025-09-18T142343.011854.snakemake.log
