Building DAG of jobs...
Using shell: /bin/bash
Provided cores: 4
Rules claiming more threads will be scaled down.
Job stats:
job                count
---------------  -------
all                    1
chimerax_filter        6
make_defattr           6
total                 13

Select jobs to execute...

[Fri Sep 19 12:19:08 2025]
rule chimerax_filter:
    input: chimerax_pipeline.py, /fh/fast/bloom_j/computational_notebooks/sharari/2024/229E_spike_1984_DMS/results/antibody_escape/averages/88_4-sera_mut_effect.csv, /fh/fast/bloom_j/computational_notebooks/sharari/2024/229E_spike_1984_DMS/data/site_numbering_map.csv
    output: chimerax_files/escape_88-4_filtered_8WDE.csv, chimerax_files/escape_88-4_filtered_chimerax_8WDE.csv
    jobid: 44
    reason: Updated input files: /fh/fast/bloom_j/computational_notebooks/sharari/2024/229E_spike_1984_DMS/results/antibody_escape/averages/88_4-sera_mut_effect.csv
    wildcards: structure=8WDE, name=escape_88-4
    resources: tmpdir=/tmp


[Fri Sep 19 12:19:08 2025]
rule chimerax_filter:
    input: chimerax_pipeline.py, /fh/fast/bloom_j/computational_notebooks/sharari/2024/229E_spike_1984_DMS/results/antibody_escape/averages/88_4-sera_mut_effect.csv, /fh/fast/bloom_j/computational_notebooks/sharari/2024/229E_spike_1984_DMS/data/site_numbering_map.csv
    output: chimerax_files/escape_88-4_filtered_6U7H.csv, chimerax_files/escape_88-4_filtered_chimerax_6U7H.csv
    jobid: 28
    reason: Updated input files: /fh/fast/bloom_j/computational_notebooks/sharari/2024/229E_spike_1984_DMS/results/antibody_escape/averages/88_4-sera_mut_effect.csv
    wildcards: structure=6U7H, name=escape_88-4
    resources: tmpdir=/tmp


[Fri Sep 19 12:19:08 2025]
rule chimerax_filter:
    input: chimerax_pipeline.py, /fh/fast/bloom_j/computational_notebooks/sharari/2024/229E_spike_1984_DMS/results/antibody_escape/averages/88_10-sera_mut_effect.csv, /fh/fast/bloom_j/computational_notebooks/sharari/2024/229E_spike_1984_DMS/data/site_numbering_map.csv
    output: chimerax_files/escape_88-10_filtered_8WDE.csv, chimerax_files/escape_88-10_filtered_chimerax_8WDE.csv
    jobid: 40
    reason: Updated input files: /fh/fast/bloom_j/computational_notebooks/sharari/2024/229E_spike_1984_DMS/results/antibody_escape/averages/88_10-sera_mut_effect.csv
    wildcards: structure=8WDE, name=escape_88-10
    resources: tmpdir=/tmp


[Fri Sep 19 12:19:08 2025]
rule chimerax_filter:
    input: chimerax_pipeline.py, /fh/fast/bloom_j/computational_notebooks/sharari/2024/229E_spike_1984_DMS/results/antibody_escape/averages/88_10-sera_mut_effect.csv, /fh/fast/bloom_j/computational_notebooks/sharari/2024/229E_spike_1984_DMS/data/site_numbering_map.csv
    output: chimerax_files/escape_88-10_filtered_6U7E.csv, chimerax_files/escape_88-10_filtered_chimerax_6U7E.csv
    jobid: 8
    reason: Updated input files: /fh/fast/bloom_j/computational_notebooks/sharari/2024/229E_spike_1984_DMS/results/antibody_escape/averages/88_10-sera_mut_effect.csv
    wildcards: structure=6U7E, name=escape_88-10
    resources: tmpdir=/tmp

[Fri Sep 19 12:19:09 2025]
Finished job 8.
1 of 13 steps (8%) done
Select jobs to execute...

[Fri Sep 19 12:19:09 2025]
rule chimerax_filter:
    input: chimerax_pipeline.py, /fh/fast/bloom_j/computational_notebooks/sharari/2024/229E_spike_1984_DMS/results/antibody_escape/averages/88_4-sera_mut_effect.csv, /fh/fast/bloom_j/computational_notebooks/sharari/2024/229E_spike_1984_DMS/data/site_numbering_map.csv
    output: chimerax_files/escape_88-4_filtered_6U7E.csv, chimerax_files/escape_88-4_filtered_chimerax_6U7E.csv
    jobid: 12
    reason: Updated input files: /fh/fast/bloom_j/computational_notebooks/sharari/2024/229E_spike_1984_DMS/results/antibody_escape/averages/88_4-sera_mut_effect.csv
    wildcards: structure=6U7E, name=escape_88-4
    resources: tmpdir=/tmp

[Fri Sep 19 12:19:09 2025]
Finished job 28.
2 of 13 steps (15%) done
[Fri Sep 19 12:19:09 2025]
Finished job 44.
3 of 13 steps (23%) done
[Fri Sep 19 12:19:09 2025]
Finished job 40.
4 of 13 steps (31%) done
Select jobs to execute...

[Fri Sep 19 12:19:09 2025]
rule chimerax_filter:
    input: chimerax_pipeline.py, /fh/fast/bloom_j/computational_notebooks/sharari/2024/229E_spike_1984_DMS/results/antibody_escape/averages/88_10-sera_mut_effect.csv, /fh/fast/bloom_j/computational_notebooks/sharari/2024/229E_spike_1984_DMS/data/site_numbering_map.csv
    output: chimerax_files/escape_88-10_filtered_6U7H.csv, chimerax_files/escape_88-10_filtered_chimerax_6U7H.csv
    jobid: 24
    reason: Updated input files: /fh/fast/bloom_j/computational_notebooks/sharari/2024/229E_spike_1984_DMS/results/antibody_escape/averages/88_10-sera_mut_effect.csv
    wildcards: structure=6U7H, name=escape_88-10
    resources: tmpdir=/tmp


[Fri Sep 19 12:19:09 2025]
rule make_defattr:
    input: chimerax_files/escape_88-10_filtered_chimerax_6U7E.csv
    output: results/6U7E/escape_88-10_filtered_chimerax_6U7E.defattr
    jobid: 7
    reason: Input files updated by another job: chimerax_files/escape_88-10_filtered_chimerax_6U7E.csv
    wildcards: structure=6U7E, name=escape_88-10
    resources: tmpdir=/tmp


[Fri Sep 19 12:19:09 2025]
rule make_defattr:
    input: chimerax_files/escape_88-10_filtered_chimerax_8WDE.csv
    output: results/8WDE/escape_88-10_filtered_chimerax_8WDE.defattr
    jobid: 39
    reason: Input files updated by another job: chimerax_files/escape_88-10_filtered_chimerax_8WDE.csv
    wildcards: structure=8WDE, name=escape_88-10
    resources: tmpdir=/tmp

Select jobs to execute...
[Fri Sep 19 12:19:10 2025]
Finished job 39.
5 of 13 steps (38%) done

[Fri Sep 19 12:19:10 2025]
rule make_defattr:
    input: chimerax_files/escape_88-4_filtered_chimerax_8WDE.csv
    output: results/8WDE/escape_88-4_filtered_chimerax_8WDE.defattr
    jobid: 43
    reason: Input files updated by another job: chimerax_files/escape_88-4_filtered_chimerax_8WDE.csv
    wildcards: structure=8WDE, name=escape_88-4
    resources: tmpdir=/tmp

[Fri Sep 19 12:19:10 2025]
Finished job 7.
6 of 13 steps (46%) done
Select jobs to execute...

[Fri Sep 19 12:19:10 2025]
rule make_defattr:
    input: chimerax_files/escape_88-4_filtered_chimerax_6U7H.csv
    output: results/6U7H/escape_88-4_filtered_chimerax_6U7H.defattr
    jobid: 27
    reason: Input files updated by another job: chimerax_files/escape_88-4_filtered_chimerax_6U7H.csv
    wildcards: structure=6U7H, name=escape_88-4
    resources: tmpdir=/tmp

[Fri Sep 19 12:19:10 2025]
Finished job 12.
7 of 13 steps (54%) done
Select jobs to execute...

[Fri Sep 19 12:19:10 2025]
rule make_defattr:
    input: chimerax_files/escape_88-4_filtered_chimerax_6U7E.csv
    output: results/6U7E/escape_88-4_filtered_chimerax_6U7E.defattr
    jobid: 11
    reason: Input files updated by another job: chimerax_files/escape_88-4_filtered_chimerax_6U7E.csv
    wildcards: structure=6U7E, name=escape_88-4
    resources: tmpdir=/tmp

[Fri Sep 19 12:19:10 2025]
Finished job 24.
8 of 13 steps (62%) done
Select jobs to execute...

[Fri Sep 19 12:19:10 2025]
rule make_defattr:
    input: chimerax_files/escape_88-10_filtered_chimerax_6U7H.csv
    output: results/6U7H/escape_88-10_filtered_chimerax_6U7H.defattr
    jobid: 23
    reason: Input files updated by another job: chimerax_files/escape_88-10_filtered_chimerax_6U7H.csv
    wildcards: structure=6U7H, name=escape_88-10
    resources: tmpdir=/tmp

[Fri Sep 19 12:19:11 2025]
Finished job 27.
9 of 13 steps (69%) done
[Fri Sep 19 12:19:11 2025]
Finished job 43.
10 of 13 steps (77%) done
[Fri Sep 19 12:19:11 2025]
Finished job 11.
11 of 13 steps (85%) done
[Fri Sep 19 12:19:11 2025]
Finished job 23.
12 of 13 steps (92%) done
Select jobs to execute...

[Fri Sep 19 12:19:11 2025]
localrule all:
    input: results/6U7E/entry_filtered_chimerax_6U7E.defattr, results/6U7E/binding_filtered_chimerax_6U7E.defattr, results/6U7E/escape_86-11_filtered_chimerax_6U7E.defattr, results/6U7E/escape_88-10_filtered_chimerax_6U7E.defattr, results/6U7E/escape_87-2_filtered_chimerax_6U7E.defattr, results/6U7E/escape_88-4_filtered_chimerax_6U7E.defattr, results/6U7E/escape_85-3_filtered_chimerax_6U7E.defattr, results/6U7E/escape_85-7_filtered_chimerax_6U7E.defattr, results/6U7H/entry_filtered_chimerax_6U7H.defattr, results/6U7H/binding_filtered_chimerax_6U7H.defattr, results/6U7H/escape_86-11_filtered_chimerax_6U7H.defattr, results/6U7H/escape_88-10_filtered_chimerax_6U7H.defattr, results/6U7H/escape_87-2_filtered_chimerax_6U7H.defattr, results/6U7H/escape_88-4_filtered_chimerax_6U7H.defattr, results/6U7H/escape_85-3_filtered_chimerax_6U7H.defattr, results/6U7H/escape_85-7_filtered_chimerax_6U7H.defattr, results/8WDE/entry_filtered_chimerax_8WDE.defattr, results/8WDE/binding_filtered_chimerax_8WDE.defattr, results/8WDE/escape_86-11_filtered_chimerax_8WDE.defattr, results/8WDE/escape_88-10_filtered_chimerax_8WDE.defattr, results/8WDE/escape_87-2_filtered_chimerax_8WDE.defattr, results/8WDE/escape_88-4_filtered_chimerax_8WDE.defattr, results/8WDE/escape_85-3_filtered_chimerax_8WDE.defattr, results/8WDE/escape_85-7_filtered_chimerax_8WDE.defattr
    jobid: 0
    reason: Input files updated by another job: results/6U7E/escape_88-4_filtered_chimerax_6U7E.defattr, results/6U7H/escape_88-4_filtered_chimerax_6U7H.defattr, results/8WDE/escape_88-10_filtered_chimerax_8WDE.defattr, results/8WDE/escape_88-4_filtered_chimerax_8WDE.defattr, results/6U7E/escape_88-10_filtered_chimerax_6U7E.defattr, results/6U7H/escape_88-10_filtered_chimerax_6U7H.defattr
    resources: tmpdir=/tmp

[Fri Sep 19 12:19:11 2025]
Finished job 0.
13 of 13 steps (100%) done
Complete log: .snakemake/log/2025-09-19T121820.196463.snakemake.log
