Building DAG of jobs...
Using shell: /bin/bash
Provided cores: 4
Rules claiming more threads will be scaled down.
Job stats:
job             count
------------  -------
all                 1
make_defattr        1
total               2

Select jobs to execute...

[Wed Jul 16 13:00:32 2025]
rule make_defattr:
    input: chimerax_files/entry_filtered_chimerax_6U7E.csv
    output: results/6U7E/entry_filtered_chimerax_6U7E.defattr
    jobid: 1
    reason: Missing output files: results/6U7E/entry_filtered_chimerax_6U7E.defattr
    wildcards: structure=6U7E, name=entry
    resources: tmpdir=/tmp

[Wed Jul 16 13:00:33 2025]
Finished job 1.
1 of 2 steps (50%) done
Select jobs to execute...

[Wed Jul 16 13:00:33 2025]
localrule all:
    input: results/6U7E/entry_filtered_chimerax_6U7E.defattr, results/6U7E/binding_filtered_chimerax_6U7E.defattr, results/6U7E/escape_filtered_chimerax_6U7E.defattr, results/6U7H/entry_filtered_chimerax_6U7H.defattr, results/6U7H/binding_filtered_chimerax_6U7H.defattr, results/6U7H/escape_filtered_chimerax_6U7H.defattr, results/8WDE/entry_filtered_chimerax_8WDE.defattr, results/8WDE/binding_filtered_chimerax_8WDE.defattr, results/8WDE/escape_filtered_chimerax_8WDE.defattr
    jobid: 0
    reason: Input files updated by another job: results/6U7E/entry_filtered_chimerax_6U7E.defattr
    resources: tmpdir=/tmp

[Wed Jul 16 13:00:33 2025]
Finished job 0.
2 of 2 steps (100%) done
Complete log: .snakemake/log/2025-07-16T130030.294952.snakemake.log
